// Vitest Snapshot v1

exports[`deleteSession > resolves with a correct value 1`] = `"dummyRefreshToken"`;

exports[`deleteSession > sends "DeleteCommand" to DynamoDB with correct args 1`] = `
{
  "Key": {
    "id": "dummySessionId",
  },
  "ReturnValues": "ALL_OLD",
  "TableName": "TripPics-Sessions",
}
`;

exports[`deleteSession > when "DeleteCommand" output is missing "Attributes" > rejects with a correct value 1`] = `[TypeError: Cannot read properties of undefined (reading 'refreshToken')]`;
