// Vitest Snapshot v1

exports[`createTableOptions > returns a correct value 1`] = `
{
  "billingMode": "PAY_PER_REQUEST",
  "globalSecondaryIndexes": {
    "byUser": {
      "partitionKey": {
        "name": "dummyAttr3",
        "type": "S",
      },
    },
  },
  "partitionKey": {
    "name": "dummyAttr1",
    "type": "S",
  },
  "removalPolicy": "destroy",
  "tableName": "TripPics-dummyTableName",
  "timeToLiveAttribute": "dummyAttr2",
}
`;
